// Jest Snapshot v1, https://goo.gl/fbAQLP

exports[`Game runner golden master Game runner outputs don't break 1`] = `
"Chet was added
They are player number 1
Pat was added
They are player number 2
Sue was added
They are player number 3
Chet is the current player
They have rolled a 4
Chet's new location is 4
The category is Pop
Pop Question 0
Answer was correct!!!!
Chet now has 1 Gold Coins.
Pat is the current player
They have rolled a 4
Pat's new location is 4
The category is Pop
Pop Question 1
Answer was correct!!!!
Pat now has 1 Gold Coins.
Sue is the current player
They have rolled a 4
Sue's new location is 4
The category is Pop
Pop Question 2
Answer was correct!!!!
Sue now has 1 Gold Coins.
Chet is the current player
They have rolled a 4
Chet's new location is 8
The category is Pop
Pop Question 3
Answer was correct!!!!
Chet now has 2 Gold Coins.
Pat is the current player
They have rolled a 4
Pat's new location is 8
The category is Pop
Pop Question 4
Answer was correct!!!!
Pat now has 2 Gold Coins.
Sue is the current player
They have rolled a 4
Sue's new location is 8
The category is Pop
Pop Question 5
Answer was correct!!!!
Sue now has 2 Gold Coins.
Chet is the current player
They have rolled a 4
Chet's new location is 0
The category is Pop
Pop Question 6
Answer was correct!!!!
Chet now has 3 Gold Coins.
Pat is the current player
They have rolled a 4
Pat's new location is 0
The category is Pop
Pop Question 7
Answer was correct!!!!
Pat now has 3 Gold Coins.
Sue is the current player
They have rolled a 4
Sue's new location is 0
The category is Pop
Pop Question 8
Answer was correct!!!!
Sue now has 3 Gold Coins.
Chet is the current player
They have rolled a 4
Chet's new location is 4
The category is Pop
Pop Question 9
Answer was correct!!!!
Chet now has 4 Gold Coins.
Pat is the current player
They have rolled a 4
Pat's new location is 4
The category is Pop
Pop Question 10
Answer was correct!!!!
Pat now has 4 Gold Coins.
Sue is the current player
They have rolled a 4
Sue's new location is 4
The category is Pop
Pop Question 11
Answer was correct!!!!
Sue now has 4 Gold Coins.
Chet is the current player
They have rolled a 4
Chet's new location is 8
The category is Pop
Pop Question 12
Answer was correct!!!!
Chet now has 5 Gold Coins.
Pat is the current player
They have rolled a 4
Pat's new location is 8
The category is Pop
Pop Question 13
Answer was correct!!!!
Pat now has 5 Gold Coins.
Sue is the current player
They have rolled a 4
Sue's new location is 8
The category is Pop
Pop Question 14
Answer was correct!!!!
Sue now has 5 Gold Coins.
Chet is the current player
They have rolled a 4
Chet's new location is 0
The category is Pop
Pop Question 15
Answer was correct!!!!
Chet now has 6 Gold Coins.
"
`;
